// Jest Snapshot v1, https://goo.gl/fbAQLP

exports[`Value Request Screen should render component 1`] = `
<RCTSafeAreaView
  emulateUnlessSupported={true}
  style={
    Object {
      "flex": 1,
    }
  }
>
  <View
    bg="fullTransparent"
    pt="spacing8px"
    style={
      Array [
        Object {
          "backgroundColor": "rgba(255, 255, 255, 0)",
          "paddingTop": 8,
        },
      ]
    }
  >
    <View
      style={
        Array [
          Object {
            "height": 48,
            "justifyContent": "center",
            "marginTop": 20,
          },
        ]
      }
    >
      <View
        alignItems="center"
        flexDirection="row"
        justifyContent="space-between"
        pl="spacing24px"
        pr="spacing24px"
        style={
          Array [
            Object {
              "alignItems": "center",
              "flexDirection": "row",
              "justifyContent": "space-between",
              "paddingLeft": 24,
              "paddingRight": 24,
            },
          ]
        }
      >
        <View
          style={
            Array [
              Object {
                "width": 40,
              },
            ]
          }
          width={40}
        >
          <View
            iconRotation={null}
            style={
              Array [
                Object {},
              ]
            }
          >
            <View
              accessible={true}
              focusable={true}
              onClick={[Function]}
              onResponderGrant={[Function]}
              onResponderMove={[Function]}
              onResponderRelease={[Function]}
              onResponderTerminate={[Function]}
              onResponderTerminationRequest={[Function]}
              onStartShouldSetResponder={[Function]}
              style={
                Array [
                  Object {
                    "alignItems": "center",
                    "backgroundColor": "rgba(255, 255, 255, 0)",
                    "borderRadius": 8,
                    "height": 40,
                    "justifyContent": "center",
                    "width": 40,
                  },
                ]
              }
            >
              <RNSVGSvgView
                align="xMidYMid"
                bbHeight="24"
                bbWidth="24"
                focusable={false}
                height="24"
                meetOrSlice={0}
                minX={0}
                minY={0}
                style={
                  Array [
                    Object {
                      "backgroundColor": "transparent",
                      "borderWidth": 0,
                    },
                    Object {
                      "transform": Array [
                        Object {
                          "rotate": "180deg",
                        },
                      ],
                    },
                    Object {
                      "opacity": 1,
                    },
                    Object {
                      "flex": 0,
                      "height": 24,
                      "width": 24,
                    },
                  ]
                }
                vbHeight={24}
                vbWidth={24}
                width="24"
                x="0"
                y="0"
              >
                <RNSVGGroup
                  fill={
                    Array [
                      0,
                      4278190080,
                    ]
                  }
                  fillOpacity={1}
                  fillRule={1}
                  font={Object {}}
                  matrix={
                    Array [
                      1,
                      0,
                      0,
                      1,
                      0,
                      0,
                    ]
                  }
                  opacity={1}
                  originX={0}
                  originY={0}
                  propList={Array []}
                  rotation={0}
                  scaleX={1}
                  scaleY={1}
                  skewX={0}
                  skewY={0}
                  stroke={null}
                  strokeDasharray={null}
                  strokeDashoffset={null}
                  strokeLinecap={0}
                  strokeLinejoin={0}
                  strokeMiterlimit={4}
                  strokeOpacity={1}
                  strokeWidth={1}
                  vectorEffect={0}
                  x={0}
                  y={0}
                >
                  <RNSVGPath
                    d="M21.8,12.7L21.8,12.7C21.8,12.7,21.8,12.7,21.8,12.7C21.7,12.8,21.7,12.8,21.8,12.7
C21.7,12.8,21.7,12.8,21.8,12.7l-0.1,0.1c0,0,0,0,0,0l0,0l-8.7,8.7c-0.5,0.5-1.3,0.5-1.8,0c-0.5-0.5-0.5-1.2-0.1-1.7l0.1-0.1
l6.6-6.6H3.2C2.6,13.2,2,12.7,2,12c0-0.7,0.5-1.2,1.2-1.2l0.1,0h14.5l-6.6-6.6c-0.5-0.5-0.5-1.2-0.1-1.7l0.1-0.1
c0.5-0.5,1.2-0.5,1.7-0.1l0.1,0.1l8.7,8.8c0,0,0,0,0.1,0.1l-0.1-0.1c0,0,0.1,0.1,0.1,0.1c0,0,0,0,0,0.1c0,0,0,0,0,0c0,0,0,0,0,0.1
c0,0,0,0,0,0c0.1,0.1,0.1,0.2,0.1,0.4c0,0,0,0,0,0c0,0,0,0,0,0.1c0,0,0,0,0,0c0,0,0,0,0,0.1c0,0,0,0,0,0c0,0,0,0,0,0l0,0
c0,0,0,0,0,0l0-0.1c0,0,0,0.1,0,0.1c0,0,0,0,0,0c0,0,0,0,0,0.1c0,0,0,0,0,0c0,0,0,0,0,0c0,0,0,0,0,0.1c0,0,0,0,0,0c0,0,0,0,0,0
c0,0,0,0,0,0.1c0,0,0,0,0,0l0,0C21.8,12.6,21.8,12.7,21.8,12.7z"
                    fill={
                      Array [
                        0,
                        4283786854,
                      ]
                    }
                    fillOpacity={1}
                    fillRule={0}
                    matrix={
                      Array [
                        1,
                        0,
                        0,
                        1,
                        0,
                        0,
                      ]
                    }
                    opacity={1}
                    originX={0}
                    originY={0}
                    propList={
                      Array [
                        "fill",
                        "fillRule",
                      ]
                    }
                    rotation={0}
                    scaleX={1}
                    scaleY={1}
                    skewX={0}
                    skewY={0}
                    stroke={null}
                    strokeDasharray={null}
                    strokeDashoffset={null}
                    strokeLinecap={0}
                    strokeLinejoin={0}
                    strokeMiterlimit={4}
                    strokeOpacity={1}
                    strokeWidth={1}
                    vectorEffect={0}
                    x={0}
                    y={0}
                  />
                  <RNSVGRect
                    fill={null}
                    fillOpacity={1}
                    fillRule={1}
                    height="24"
                    matrix={
                      Array [
                        0.7071067811865476,
                        0.7071067811865475,
                        -0.7071067811865475,
                        0.7071067811865476,
                        32.5,
                        -13.46194077712559,
                      ]
                    }
                    opacity={1}
                    originX={0}
                    originY={0}
                    propList={
                      Array [
                        "fill",
                      ]
                    }
                    rotation={0}
                    scaleX={1}
                    scaleY={1}
                    skewX={0}
                    skewY={0}
                    stroke={null}
                    strokeDasharray={null}
                    strokeDashoffset={null}
                    strokeLinecap={0}
                    strokeLinejoin={0}
                    strokeMiterlimit={4}
                    strokeOpacity={1}
                    strokeWidth={1}
                    vectorEffect={0}
                    width="24"
                    x="0"
                    y="0"
                  />
                </RNSVGGroup>
              </RNSVGSvgView>
            </View>
          </View>
        </View>
        <View
          flex={1}
          pl="spacing8px"
          pr="spacing8px"
          style={
            Array [
              Object {
                "flexBasis": 0,
                "flexGrow": 1,
                "flexShrink": 1,
                "paddingLeft": 8,
                "paddingRight": 8,
              },
            ]
          }
        >
          <Text
            color="neutral9"
            numberOfLines={1}
            strikeThrough={false}
            style={
              Array [
                Object {
                  "color": "#111515",
                  "fontFamily": "HelveticaNowDisplay-Regular",
                  "fontSize": 18,
                  "lineHeight": 26,
                  "textAlign": "center",
                  "textDecorationColor": "#111515",
                  "textDecorationLine": "none",
                  "textDecorationStyle": "solid",
                },
              ]
            }
            textAlign="center"
            underlined={false}
            variant="mockTokenHelveticaLabelRegular"
          >
            salaryAdvance.header
          </Text>
        </View>
        <View
          flexDirection="row"
          minWidth={40}
          style={
            Array [
              Object {
                "flexDirection": "row",
                "minWidth": 40,
              },
            ]
          }
        />
      </View>
    </View>
  </View>
  <View
    p="spacing20px"
    pt="spacing40px"
    style={
      Array [
        Object {
          "paddingBottom": 20,
          "paddingLeft": 20,
          "paddingRight": 20,
          "paddingTop": 40,
        },
      ]
    }
  >
    <Text
      color="neutral9"
      strikeThrough={false}
      style={
        Array [
          Object {
            "color": "#111515",
            "fontFamily": "HelveticaNowDisplay-Light",
            "fontSize": 16,
            "lineHeight": 20,
            "textDecorationColor": "#111515",
            "textDecorationLine": "none",
            "textDecorationStyle": "solid",
          },
          Object {
            "fontSize": 26,
            "letterSpacing": 0.6,
            "lineHeight": 36,
            "paddingTop": 10,
          },
        ]
      }
      underlined={false}
      variant="mockTokenHelveticaDisplayLight"
    >
      salaryAdvance.valueRequest.title
    </Text>
    <View
      mt="spacing24px"
      style={
        Array [
          Object {
            "marginTop": 24,
          },
        ]
      }
    >
      <View
        style={
          Array [
            Object {
              "flexDirection": "row",
            },
          ]
        }
      >
        <Text
          color="neutral5"
          strikeThrough={false}
          style={
            Array [
              Object {
                "color": "#aabbbb",
                "fontFamily": "HelveticaNowDisplay-Light",
                "fontSize": 16,
                "lineHeight": 20,
                "textDecorationColor": "#aabbbb",
                "textDecorationLine": "none",
                "textDecorationStyle": "solid",
              },
              Object {
                "fontSize": 32,
                "marginRight": 15,
                "paddingTop": 27,
              },
            ]
          }
          underlined={false}
          variant="mockTokenHelveticaDisplayLight"
        >
          R$
        </Text>
        <TextInput
          allowFontScaling={true}
          keyboardType="numeric"
          onChangeText={[Function]}
          options={
            Object {
              "maskType": "BRL",
              "unit": "",
            }
          }
          rejectResponderTermination={true}
          style={
            Array [
              Object {
                "backgroundColor": "transparent",
                "borderBottomColor": "transparent",
                "fontFamily": "HelveticaNowDisplay-Light",
                "fontSize": 32,
                "letterSpacing": 0.6,
                "lineHeight": 40,
                "width": "100%",
              },
            ]
          }
          testID="input-mask-test-id"
          type="money"
          underlineColorAndroid="transparent"
          value="0,00"
        />
      </View>
    </View>
    <View
      mt="spacing24px"
      style={
        Array [
          Object {
            "marginTop": 24,
          },
        ]
      }
    >
      <Text
        color="neutral7"
        strikeThrough={false}
        style={
          Array [
            Object {
              "color": "#556666",
              "fontFamily": "HelveticaNowDisplay-Regular",
              "fontSize": 14,
              "lineHeight": 20,
              "textDecorationColor": "#556666",
              "textDecorationLine": "none",
              "textDecorationStyle": "solid",
            },
          ]
        }
        underlined={false}
        variant="mockTokenHelveticaParagraphTextSuportRegular"
      >
        Entre R$ 50,00 e R$ 5.000,00 
      </Text>
    </View>
  </View>
  <View
    style={
      Object {
        "alignItems": "center",
        "alignSelf": "flex-end",
        "flex": 1,
        "justifyContent": "center",
      }
    }
  >
    <View
      style={
        Object {
          "bottom": 0,
          "height": 90,
          "position": "absolute",
          "right": 30,
        }
      }
    >
      <View
        accessible={true}
        focusable={true}
        onClick={[Function]}
        onResponderGrant={[Function]}
        onResponderMove={[Function]}
        onResponderRelease={[Function]}
        onResponderTerminate={[Function]}
        onResponderTerminationRequest={[Function]}
        onStartShouldSetResponder={[Function]}
        style={
          Array [
            Object {
              "alignItems": "center",
              "backgroundColor": "#EDF0EF",
              "borderRadius": 16,
              "flexDirection": "row",
              "height": 60,
              "justifyContent": "center",
              "width": 60,
            },
          ]
        }
        testID="flat-button-id"
      >
        <RNSVGSvgView
          align="xMidYMid"
          bbHeight={32}
          bbWidth={32}
          fill="none"
          focusable={false}
          height={32}
          meetOrSlice={0}
          minX={0}
          minY={0}
          style={
            Array [
              Object {
                "backgroundColor": "transparent",
                "borderWidth": 0,
              },
              undefined,
              Object {
                "opacity": 1,
              },
              Object {
                "flex": 0,
                "height": 32,
                "width": 32,
              },
            ]
          }
          vbHeight={24}
          vbWidth={24}
          width={32}
        >
          <RNSVGGroup
            fill={null}
            fillOpacity={1}
            fillRule={1}
            font={Object {}}
            matrix={
              Array [
                1,
                0,
                0,
                1,
                0,
                0,
              ]
            }
            opacity={1}
            originX={0}
            originY={0}
            propList={
              Array [
                "fill",
              ]
            }
            rotation={0}
            scaleX={1}
            scaleY={1}
            skewX={0}
            skewY={0}
            stroke={null}
            strokeDasharray={null}
            strokeDashoffset={null}
            strokeLinecap={0}
            strokeLinejoin={0}
            strokeMiterlimit={4}
            strokeOpacity={1}
            strokeWidth={1}
            vectorEffect={0}
            x={0}
            y={0}
          >
            <RNSVGPath
              d="M19 12H5"
              fill={
                Array [
                  0,
                  4278190080,
                ]
              }
              fillOpacity={1}
              fillRule={1}
              matrix={
                Array [
                  1,
                  0,
                  0,
                  1,
                  0,
                  0,
                ]
              }
              opacity={1}
              originX={0}
              originY={0}
              propList={
                Array [
                  "stroke",
                  "strokeLinecap",
                  "strokeLinejoin",
                ]
              }
              rotation={0}
              scaleX={1}
              scaleY={1}
              skewX={0}
              skewY={0}
              stroke={
                Array [
                  0,
                  4289379259,
                ]
              }
              strokeDasharray={null}
              strokeDashoffset={null}
              strokeLinecap={1}
              strokeLinejoin={1}
              strokeMiterlimit={4}
              strokeOpacity={1}
              strokeWidth={1}
              vectorEffect={0}
              x={0}
              y={0}
            />
            <RNSVGPath
              d="M14 17L19 12"
              fill={
                Array [
                  0,
                  4278190080,
                ]
              }
              fillOpacity={1}
              fillRule={1}
              matrix={
                Array [
                  1,
                  0,
                  0,
                  1,
                  0,
                  0,
                ]
              }
              opacity={1}
              originX={0}
              originY={0}
              propList={
                Array [
                  "stroke",
                  "strokeLinecap",
                  "strokeLinejoin",
                ]
              }
              rotation={0}
              scaleX={1}
              scaleY={1}
              skewX={0}
              skewY={0}
              stroke={
                Array [
                  0,
                  4289379259,
                ]
              }
              strokeDasharray={null}
              strokeDashoffset={null}
              strokeLinecap={1}
              strokeLinejoin={1}
              strokeMiterlimit={4}
              strokeOpacity={1}
              strokeWidth={1}
              vectorEffect={0}
              x={0}
              y={0}
            />
            <RNSVGPath
              d="M14 7L19 12"
              fill={
                Array [
                  0,
                  4278190080,
                ]
              }
              fillOpacity={1}
              fillRule={1}
              matrix={
                Array [
                  1,
                  0,
                  0,
                  1,
                  0,
                  0,
                ]
              }
              opacity={1}
              originX={0}
              originY={0}
              propList={
                Array [
                  "stroke",
                  "strokeLinecap",
                  "strokeLinejoin",
                ]
              }
              rotation={0}
              scaleX={1}
              scaleY={1}
              skewX={0}
              skewY={0}
              stroke={
                Array [
                  0,
                  4289379259,
                ]
              }
              strokeDasharray={null}
              strokeDashoffset={null}
              strokeLinecap={1}
              strokeLinejoin={1}
              strokeMiterlimit={4}
              strokeOpacity={1}
              strokeWidth={1}
              vectorEffect={0}
              x={0}
              y={0}
            />
          </RNSVGGroup>
        </RNSVGSvgView>
      </View>
    </View>
  </View>
</RCTSafeAreaView>
`;
